
> seedisplay@1.8.6 test
> mocha test/**/*.test.js --exit



  ErrorHandler + ApiManager integration
    ErrorHandler + ApiManager bootstrap
      Ô£ö should create ErrorHandler with default config
      Ô£ö should accept custom options
      Ô£ö should create ApiManager instance (mocked window)
      1) should initialize ApiManager with ErrorHandler
      Ô£ö should have correct API configurations
    CircuitBreaker state management
      Ô£ö should create circuit breaker in closed state
      Ô£ö should track success and failure counts
    getCircuitBreakerStatus
      Ô£ö should return unavailable when no ErrorHandler
      2) should return status when ErrorHandler is initialized
    Circuit breaker reset
      3) should reset all circuit breakers
    Multiple API calls with shared circuit breaker
      4) should maintain separate circuit breakers per API
    Error logging
node.exe : error [undefined] undefined
Au caractère Ligne:1 : 1
+ & "C:\Program Files\nodejs/node.exe" "C:\Program Files\nodejs/node_mo ...
+ ~~~~~~~~~~~~~~~~~~~~~~~~~~~~~~~~~~~~~~~~~~~~~~~~~~~~~~~~~~~~~~~~~~~~~
    + CategoryInfo          : NotSpecified: (error [undefined] undefined:String) [], RemoteException
    + FullyQualifiedErrorId : NativeCommandError
 
error [undefined] undefined
      Ô£ö should log errors to error log
error [undefined] undefined
error [undefined] undefined
error [undefined] undefined
error [undefined] undefined
error [undefined] undefined
error [undefined] undefined
error [undefined] undefined
error [undefined] undefined
error [undefined] undefined
error [undefined] undefined
      Ô£ö should truncate error log at max size
    API configuration for diapo
      Ô£ö should have retry config for diapo API
    API configuration for meteo
      Ô£ö should have retry config for meteo API
    Integration scenario: API resilience
      5) should demonstrate diapo-meteo error isolation

  DisplayState
    initialization
      Ô£ö should initialize in stopped state
      Ô£ö should have empty media list
    setMediaList
state Media list set: 3 items
      Ô£ö should set media list
state Media list set: 3 items
      Ô£ö should reset index to 0
    loop control
state Media list set: 3 items
state Loop started
      Ô£ö should start loop
state Media list set: 3 items
state Loop started
state Loop stopped
      Ô£ö should stop loop
state Media list set: 3 items
state Loop started
state Loop paused
      Ô£ö should pause loop
state Media list set: 3 items
state Loop started
state Loop paused
state Loop resumed
      Ô£ö should resume from pause
state Media list set: 3 items
state Cannot pause loop from state: stopped
state Cannot resume loop from state: stopped
      Ô£ö should not allow invalid state transitions
    media navigation
state Media list set: 3 items
      Ô£ö should get current media
state Media list set: 3 items
state Next media: index=1
      Ô£ö should advance to next media
state Media list set: 3 items
state Next media: index=0
      Ô£ö should wrap around at end
state Media list set: 3 items
state Previous media: index=0
      Ô£ö should go to previous media
state Media list set: 3 items
state Previous media: index=2
      Ô£ö should wrap around at start
state Media list set: 3 items
state Go to index: 2
      Ô£ö should go to specific index
state Media list set: 3 items
state Go to index: 2
state Index out of bounds: 10
      Ô£ö should not allow invalid index
state Media list set: 3 items
      Ô£ö should get next media for preload
state Media list set: 3 items
      Ô£ö should wrap next media at end
    player control
state Player toggled: 2
state Player toggled: 1
      Ô£ö should toggle player
state Player toggled: 2
      Ô£ö should get inactive player
    event listeners
      Ô£ö should register listener
      Ô£ö should unregister listener
state Media list set: 2 items
      Ô£ö should emit mediaChanged event on next
state Next media: index=1
state Media list set: 1 items
      Ô£ö should emit loopStarted event
state Loop started
    snapshot
state Media list set: 3 items
      Ô£ö should create snapshot
state State restored from snapshot
      Ô£ö should restore from snapshot
    reset
state Media list set: 2 items
state Loop started
state State reset
      Ô£ö should reset all state

  ErrorHandler
    executeWithRetry
      Ô£ö should execute successful function
      Ô£ö should retry on failure (114ms)
      Ô£ö should give up after max retries (319ms)
      Ô£ö should use fallback after exhausted retries (327ms)
    circuit breaker
      Ô£ö should create circuit breaker
      Ô£ö should open circuit after failures
      Ô£ö should prevent execution when open
      Ô£ö should recover to half-open after timeout (166ms)
      Ô£ö should close after successful recovery
      Ô£ö should reopen if recovery fails
      Ô£ö should get circuit breaker status
      Ô£ö should reset circuit breaker
    error logging
      Ô£ö should log errors
      Ô£ö should limit error log size
      Ô£ö should get error statistics
      Ô£ö should clear error log
    fallback
      Ô£ö should set fallback
      Ô£ö should return fallback when circuit is open (309ms)

  listeDiapo
diapo listeDiapo: start parsing diapo data
diapo parsed array [ [ 'img', 'a.jpg', 5 ] ]
diapo parsed 1 media entries
    Ô£ö parses happy path and filters by date range
diapo listeDiapo: start parsing diapo data
diapo parsed array []
diapo parsed 0 media entries - check API data / date ranges
    Ô£ö returns empty array when dates out of range

  loopDiapo integration with DisplayState
    player toggling
state Player toggled: 2
state Player toggled: 1
      Ô£ö should toggle player via DisplayState
state Player toggled: 2
      Ô£ö should get inactive player correctly
state Player toggled: 2
state Player toggled: 1
      Ô£ö should work with loopDiapo pattern
    media cycling
state Media list set: 5 items
state Loop started
state Next media: index=1
state Next media: index=2
state Next media: index=3
state Next media: index=4
state Next media: index=0
      Ô£ö should cycle through 5 media items
state Media list set: 5 items
state Loop started
state Next media: index=1
state Next media: index=2
      Ô£ö should emit event on media change
state Media list set: 5 items
state Loop started
state Next media: index=1
state Next media: index=2
state Next media: index=3
state Next media: index=4
state Next media: index=0
      Ô£ö should handle video and image sequences
    state transitions
state Media list set: 3 items
state Loop started
state Loop paused
state Loop resumed
state Loop stopped
      Ô£ö should transition through loop states
    backward compatibility
state Player toggled: 2
state Player toggled: 1
      Ô£ö should work with player variable pattern
state Player toggled: 2
      Ô£ö should support getInactivePlayer for preload
    media list management
state Media list set: 5 items
state Loop started
state Next media: index=1
state Next media: index=2
state Next media: index=3
state Next media: index=4
state Next media: index=0
      Ô£ö should handle 5-item media list (real scenario)
state Media list set: 3 items
state Next media: index=1
      Ô£ö should track current and next media for preload
    snapshots for pause/resume
state Media list set: 3 items
state Loop started
state Go to index: 1
state Player toggled: 2
state Loop paused
state Go to index: 0
state State restored from snapshot
      Ô£ö should save and restore state during pause

  MediaCache
    getCacheKey
      Ô£ö should generate consistent keys for same URL
      Ô£ö should generate different keys for different URLs
      Ô£ö should preserve file extension
    set/get
      Ô£ö should store and retrieve data
      Ô£ö should update currentSize
    isExpired
      Ô£ö should return false for fresh data
      Ô£ö should return true for expired data
      Ô£ö should return true for missing data
    touchFile (LRU)
      Ô£ö should update timestamp on access
    evictLRU
      Ô£ö should evict least recently used item
    getStats
      Ô£ö should return correct statistics
    clear
      Ô£ö should clear all cache
    hashCode
      Ô£ö should produce consistent hashes


  83 passing (1s)
  5 failing

  1) ErrorHandler + ApiManager integration
       ErrorHandler + ApiManager bootstrap
         should initialize ApiManager with ErrorHandler:
     ReferenceError: _log is not defined
      at ApiManager.init (js\ApiManager.js:42:5)
      at Context.<anonymous> (test\apiManager.integration.test.js:55:10)
      at process.processImmediate (node:internal/timers:485:21)

  2) ErrorHandler + ApiManager integration
       getCircuitBreakerStatus
         should return status when ErrorHandler is initialized:
     ReferenceError: _log is not defined
      at ApiManager.init (js\ApiManager.js:42:5)
      at Context.<anonymous> (test\apiManager.integration.test.js:110:10)
      at process.processImmediate (node:internal/timers:485:21)

  3) ErrorHandler + ApiManager integration
       Circuit breaker reset
         should reset all circuit breakers:
     ReferenceError: _log is not defined
      at ApiManager.init (js\ApiManager.js:42:5)
      at Context.<anonymous> (test\apiManager.integration.test.js:128:10)
      at process.processImmediate (node:internal/timers:485:21)

  4) ErrorHandler + ApiManager integration
       Multiple API calls with shared circuit breaker
         should maintain separate circuit breakers per API:
     ReferenceError: _log is not defined
      at ApiManager.init (js\ApiManager.js:42:5)
      at Context.<anonymous> (test\apiManager.integration.test.js:154:10)
      at process.processImmediate (node:internal/timers:485:21)

  5) ErrorHandler + ApiManager integration
       Integration scenario: API resilience
         should demonstrate diapo-meteo error isolation:
     ReferenceError: _log is not defined
      at ApiManager.init (js\ApiManager.js:42:5)
      at Context.<anonymous> (test\apiManager.integration.test.js:228:10)
      at process.processImmediate (node:internal/timers:485:21)



